2026-04-29 16:25:23,750 - INFO - Experiment: track2_log1p_binary
2026-04-29 16:25:23,751 - INFO - Device: cuda
2026-04-29 16:25:23,751 - INFO - Train/Val: 79 / 9
2026-04-29 16:25:24,221 - INFO - Epoch 1/100 | train_loss=2.582645 | val_f1=0.307692 val_acc=0.444444 val_kappa=0.000000 val_ccc=-0.000544 val_rmse=0.669159 val_mae=0.574912
2026-04-29 16:25:24,333 - INFO - Epoch 2/100 | train_loss=1.467441 | val_f1=0.357143 val_acc=0.555556 val_kappa=0.000000 val_ccc=-0.015817 val_rmse=0.630775 val_mae=0.495295
2026-04-29 16:25:24,440 - INFO - Epoch 3/100 | train_loss=1.337561 | val_f1=0.357143 val_acc=0.555556 val_kappa=0.000000 val_ccc=-0.014016 val_rmse=0.559496 val_mae=0.481145
2026-04-29 16:25:24,543 - INFO - Epoch 4/100 | train_loss=1.392567 | val_f1=0.307692 val_acc=0.444444 val_kappa=0.000000 val_ccc=-0.009344 val_rmse=0.606062 val_mae=0.532343
2026-04-29 16:25:24,647 - INFO - Epoch 5/100 | train_loss=1.387744 | val_f1=0.307692 val_acc=0.444444 val_kappa=0.000000 val_ccc=-0.017013 val_rmse=0.574134 val_mae=0.496642
2026-04-29 16:25:24,753 - INFO - Epoch 6/100 | train_loss=1.313529 | val_f1=0.550000 val_acc=0.555556 val_kappa=0.100000 val_ccc=-0.018837 val_rmse=0.569115 val_mae=0.490670
2026-04-29 16:25:24,861 - INFO - Epoch 7/100 | train_loss=1.344744 | val_f1=0.357143 val_acc=0.555556 val_kappa=0.000000 val_ccc=-0.021929 val_rmse=0.561708 val_mae=0.481347
2026-04-29 16:25:24,964 - INFO - Epoch 8/100 | train_loss=1.306549 | val_f1=0.500000 val_acc=0.555556 val_kappa=0.181818 val_ccc=-0.023559 val_rmse=0.562197 val_mae=0.479035
2026-04-29 16:25:25,068 - INFO - Epoch 9/100 | train_loss=1.450128 | val_f1=0.307692 val_acc=0.444444 val_kappa=0.000000 val_ccc=-0.020905 val_rmse=0.566282 val_mae=0.487759
2026-04-29 16:25:25,173 - INFO - Epoch 10/100 | train_loss=1.240560 | val_f1=0.307692 val_acc=0.444444 val_kappa=0.000000 val_ccc=-0.020531 val_rmse=0.571068 val_mae=0.492164
2026-04-29 16:25:25,275 - INFO - Epoch 11/100 | train_loss=1.331698 | val_f1=0.307692 val_acc=0.444444 val_kappa=0.000000 val_ccc=-0.025405 val_rmse=0.568462 val_mae=0.470868
2026-04-29 16:25:25,378 - INFO - Epoch 12/100 | train_loss=1.295531 | val_f1=0.307692 val_acc=0.444444 val_kappa=0.000000 val_ccc=-0.025946 val_rmse=0.580696 val_mae=0.475270
2026-04-29 16:25:25,481 - INFO - Epoch 13/100 | train_loss=1.462851 | val_f1=0.415584 val_acc=0.444444 val_kappa=-0.153846 val_ccc=-0.022319 val_rmse=0.564960 val_mae=0.485096
2026-04-29 16:25:25,585 - INFO - Epoch 14/100 | train_loss=1.306216 | val_f1=0.325000 val_acc=0.333333 val_kappa=-0.350000 val_ccc=-0.019402 val_rmse=0.581138 val_mae=0.508876
2026-04-29 16:25:25,686 - INFO - Epoch 15/100 | train_loss=1.347264 | val_f1=0.307692 val_acc=0.444444 val_kappa=0.000000 val_ccc=-0.020801 val_rmse=0.573010 val_mae=0.496837
2026-04-29 16:25:25,792 - INFO - Epoch 16/100 | train_loss=1.300232 | val_f1=0.307692 val_acc=0.444444 val_kappa=0.000000 val_ccc=-0.022999 val_rmse=0.562284 val_mae=0.476700
2026-04-29 16:25:25,896 - INFO - Epoch 17/100 | train_loss=1.255685 | val_f1=0.307692 val_acc=0.444444 val_kappa=0.000000 val_ccc=-0.021864 val_rmse=0.561912 val_mae=0.479480
2026-04-29 16:25:25,998 - INFO - Epoch 18/100 | train_loss=1.283370 | val_f1=0.500000 val_acc=0.555556 val_kappa=0.181818 val_ccc=-0.020330 val_rmse=0.575472 val_mae=0.501871
2026-04-29 16:25:26,100 - INFO - Epoch 19/100 | train_loss=1.260484 | val_f1=0.357143 val_acc=0.555556 val_kappa=0.000000 val_ccc=-0.027164 val_rmse=0.575606 val_mae=0.500913
2026-04-29 16:25:26,205 - INFO - Epoch 20/100 | train_loss=1.300830 | val_f1=0.357143 val_acc=0.555556 val_kappa=0.000000 val_ccc=-0.034435 val_rmse=0.576020 val_mae=0.499954
2026-04-29 16:25:26,308 - INFO - Epoch 21/100 | train_loss=1.237407 | val_f1=0.357143 val_acc=0.555556 val_kappa=0.000000 val_ccc=-0.037447 val_rmse=0.571503 val_mae=0.470060
2026-04-29 16:25:26,413 - INFO - Epoch 22/100 | train_loss=1.321958 | val_f1=0.415584 val_acc=0.444444 val_kappa=-0.046512 val_ccc=-0.033120 val_rmse=0.583943 val_mae=0.474460
2026-04-29 16:25:26,519 - INFO - Epoch 23/100 | train_loss=1.336416 | val_f1=0.307692 val_acc=0.444444 val_kappa=0.000000 val_ccc=-0.033784 val_rmse=0.574397 val_mae=0.469155
2026-04-29 16:25:26,625 - INFO - Epoch 24/100 | train_loss=1.299907 | val_f1=0.500000 val_acc=0.555556 val_kappa=0.181818 val_ccc=-0.040272 val_rmse=0.567395 val_mae=0.477849
2026-04-29 16:25:26,729 - INFO - Epoch 25/100 | train_loss=1.290381 | val_f1=0.415584 val_acc=0.444444 val_kappa=-0.046512 val_ccc=-0.047954 val_rmse=0.570652 val_mae=0.481713
2026-04-29 16:25:26,830 - INFO - Epoch 26/100 | train_loss=1.329461 | val_f1=0.307692 val_acc=0.444444 val_kappa=-0.216216 val_ccc=-0.056481 val_rmse=0.575429 val_mae=0.490550
2026-04-29 16:25:26,830 - INFO - Early stopping at epoch 26
2026-04-29 16:25:26,832 - INFO - Best checkpoint: checkpoints/Track2/G-P/binary/track2_log1p_binary/best_model_2026-04-29-16.25.22.pth
2026-04-29 16:25:26,832 - INFO - Validation metrics saved to: logs/Track2/G-P/binary/track2_log1p_binary/train_result_2026-04-29-16.25.22.json
